// Jest Snapshot v1, https://goo.gl/fbAQLP

exports[`QueriesList.vue should render 1`] = `
<query-table-stub
  columns="[object Object],[object Object],[object Object],[object Object],[object Object],[object Object],[object Object],[object Object],[object Object],[object Object],[object Object],[object Object],[object Object],[object Object],[object Object],[object Object]"
  queries=""
/>
`;
