// Jest Snapshot v1, https://goo.gl/fbAQLP

exports[`QueriesList.vue should render 1`] = `
<div
  class="queries-list"
>
  <!---->
   
  <query-table-stub
    queries=""
    totalqueries="0"
  />
</div>
`;
