// Jest Snapshot v1, https://goo.gl/fbAQLP

exports[`DagCounters.vue should render 1`] = `
<div>
  DagCounters - Not Implemented
</div>
`;
