// Jest Snapshot v1, https://goo.gl/fbAQLP

exports[`FixedAnchorNav.vue should render 1`] = `
<div
  class="buttons"
>
  <hue-button-stub>
    Queries
  </hue-button-stub>
   
  <hue-button-stub>
    Stop
  </hue-button-stub>
   
  <hue-button-stub>
    Download
  </hue-button-stub>
</div>
`;
