// Jest Snapshot v1, https://goo.gl/fbAQLP

exports[`QueryTimeline.vue should render 1`] = `
<div
  class="target detail-panel"
  id="timeline"
  queries="[object Object]"
>
  <h4>
    Data not available to display Timeline!
  </h4>
</div>
`;
