// Jest Snapshot v1, https://goo.gl/fbAQLP

exports[`DagSwimlane.vue should render 1`] = `
<div>
  DagGraphicalView - Not Implemented
</div>
`;
