// Jest Snapshot v1, https://goo.gl/fbAQLP

exports[`ko.shareGistModal.js should render component 1`] = `
"<html><head></head><body class=\\"modal-open\\"><div id=\\"shareGistModal\\" data-bind=\\"descendantsComplete: descendantsComplete, component: { name: 'share-gist-modal', params: params }\\" data-keyboard=\\"true\\" class=\\"modal hide fade in\\" tabindex=\\"-1\\" aria-hidden=\\"false\\">
  <div class=\\"modal-header\\">
    <button type=\\"button\\" class=\\"close\\" data-dismiss=\\"modal\\" aria-label=\\"Close\\"><span aria-hidden=\\"true\\">Ã—</span></button>
    <h2 class=\\"modal-title\\">Shareable link</h2>
  </div>
  <div class=\\"modal-body\\">
    <div class=\\"row-fluid\\">
      <div class=\\"span12\\">
        <div class=\\"input-group\\">
          <input id=\\"gistLink\\" class=\\"input-xxlarge\\" onfocus=\\"this.select()\\" data-bind=\\"value: link\\" type=\\"text\\" placeholder=\\"Link\\">
        </div>
        <div class=\\"input-prepend\\">
          <a class=\\"btn gist-link-btn\\" data-clipboard-target=\\"#gistLink\\" data-bind=\\"clipboard\\" data-dismiss=\\"modal\\">Copy</a>
          <button class=\\"add-on muted gist-link-btn\\" data-clipboard-target=\\"#gistLink\\" data-bind=\\"clipboard\\">
            <i class=\\"fa fa-clipboard\\"></i>
          </button>
        </div>
      </div>
    </div>

  </div>
  <div class=\\"modal-footer\\">
    <a class=\\"btn\\" data-dismiss=\\"modal\\">Close</a>
  </div>
</div><div class=\\"modal-backdrop fade in\\"></div></body></html>"
`;
