// Jest Snapshot v1, https://goo.gl/fbAQLP

exports[`QueriesSearch.vue should render 1`] = `
<div>
  <div
    class="input-group"
  >
    <dropdown-panel-stub
      closeonclick="true"
      disabled="false"
      link="false"
      text="Searches"
    />
    <input
      class="form-control"
      placeholder="Search Queries"
      type="search"
    />
    <div
      class="input-group-btn time-dropdown"
    >
      <button
        aria-expanded="false"
        aria-haspopup="true"
        class="btn btn-default dropdown-toggle"
        data-toggle="dropdown"
        type="button"
      >
        Some title 
        <span
          class="caret"
        />
      </button>
      <div
        class="dropdown-menu range-panel pull-right"
      >
        <range-panel-stub
          tabledefinition="[object Object]"
        />
      </div>
      <button
        class="btn btn-default search"
        type="button"
      >
        <i
          aria-hidden="true"
          class="fa fa-search"
        />
      </button>
    </div>
    <div
      class="input-group-btn save-button"
    >
      <button
        class="btn btn-default"
        type="button"
      >
        <i
          aria-hidden="true"
          class="fa fa-save"
        />
      </button>
    </div>
  </div>
  <!--v-if-->
</div>
`;
