// Jest Snapshot v1, https://goo.gl/fbAQLP

exports[`QueriesSearch.vue should render 1`] = `
<div>
  <div
    class="input-group"
  >
    <dropdown-stub
      text="Searches"
    >
      <dropdown-group-stub
        header="Suggested"
      >
        <!---->
         
        <dropdown-item-button-stub>
          
          Suggested search
        
        </dropdown-item-button-stub>
      </dropdown-group-stub>
       
      <dropdown-group-stub
        header="Suggested"
      >
        <!---->
         
        <dropdown-item-stub>
          <a
            href="javascript: void(0);"
          >
            Saved search
          </a>
           
          <i
            aria-hidden="true"
            class="fa fa-times"
          />
          
          Saved search
        
        </dropdown-item-stub>
      </dropdown-group-stub>
    </dropdown-stub>
     
    <input
      class="form-control"
      placeholder="Search Queries"
      type="search"
    />
     
    <div
      class="input-group-btn time-dropdown"
    >
      <button
        aria-expanded="false"
        aria-haspopup="true"
        class="btn btn-default dropdown-toggle"
        data-toggle="dropdown"
        type="button"
      >
        
        Some title 
        <span
          class="caret"
        />
      </button>
       
      <div
        class="dropdown-menu range-panel pull-right"
      >
        <range-panel-stub
          tabledefinition="[object Object]"
        />
      </div>
       
      <button
        class="btn btn-default search"
        type="button"
      >
        <i
          aria-hidden="true"
          class="fa fa-search"
        />
      </button>
    </div>
     
    <div
      class="input-group-btn save-button"
    >
      <button
        class="btn btn-default"
        type="button"
      >
        <i
          aria-hidden="true"
          class="fa fa-save"
        />
      </button>
    </div>
  </div>
   
  <!---->
</div>
`;
